<?xml version="1.0" encoding="utf-8"?><testsuites><testsuite name="pytest" errors="0" failures="0" skipped="0" tests="0" time="1.363" timestamp="2025-11-02T16:40:30.509073" hostname="DESKTOP-J7D6NSB" /></testsuites>